# 阿里云的磁盘挂载
> 参看文档：
> 1. https://yq.aliyun.com/articles/226592

### 第一部分 简述
#### 1. df 命令
> 显示目前在Linux系统上的文件系统的磁盘使用情况统计

 `df -h`： 文件-h, --human-readable 使用人类可读的格式(预设值是不加这个选项的...)
```sh
[root@localhost ~]# df -h
Filesystem      Size  Used Avail Use% Mounted on
devtmpfs        7.5G     0  7.5G   0% /dev
tmpfs           7.6G     0  7.6G   0% /dev/shm
tmpfs           7.6G  456K  7.6G   1% /run
tmpfs           7.6G     0  7.6G   0% /sys/fs/cgroup
/dev/vda1        40G  2.5G   35G   7% /
tmpfs           1.6G     0  1.6G   0% /run/user/0
```
`df -T`：文件-T, --print-type 显示文件系统的形式
```sh
[root@localhost ~]# df -T
Filesystem     Type     1K-blocks    Used Available Use% Mounted on
devtmpfs       devtmpfs   7855896       0   7855896   0% /dev
tmpfs          tmpfs      7866268       0   7866268   0% /dev/shm
tmpfs          tmpfs      7866268     456   7865812   1% /run
tmpfs          tmpfs      7866268       0   7866268   0% /sys/fs/cgroup
/dev/vda1      ext4      41147472 2547812  36696168   7% /
tmpfs          tmpfs      1573256       0   1573256   0% /run/user/0
```
#### 2. fdisk 命令
> 一个创建和维护分区表的程序，它兼容DOS类型的分区表、BSD或者SUN类型的磁盘列表。

`fdisk -l`: 列出素所有分区表
```sh
[root@localhost ~]# fdisk -l

Disk /dev/vda: 42.9 GB, 42949672960 bytes, 83886080 sectors
Units = sectors of 1 * 512 = 512 bytes
Sector size (logical/physical): 512 bytes / 512 bytes
I/O size (minimum/optimal): 512 bytes / 512 bytes
Disk label type: dos
Disk identifier: 0x000b2d99

   Device Boot      Start         End      Blocks   Id  System
/dev/vda1   *        2048    83875364    41936658+  83  Linux

Disk /dev/vdb: 1073.7 GB, 1073741824000 bytes, 2097152000 sectors
Units = sectors of 1 * 512 = 512 bytes
Sector size (logical/physical): 512 bytes / 512 bytes
I/O size (minimum/optimal): 512 bytes / 512 bytes
```
## 第二部分 挂载阿里云的磁盘
#### 1. `fdisk -l`查看分区表
如果执行后，看见有对应的数据盘，**但是没有对数据盘分区**，则可以对它进行分区

#### 2. `fdisk /dev/vdb` 对数据盘进行分区：
依次输入：
- `n`
- `p`
- `1`
- `连续两次回车`
- "wq"

```sh
[root@localhost ~]# fdisk /dev/vdb
Welcome to fdisk (util-linux 2.23.2).

Changes will remain in memory only, until you decide to write them.
Be careful before using the write command.

Device does not contain a recognized partition table
Building a new DOS disklabel with disk identifier 0xceef491a.

Command (m for help): m
Command action
   a   toggle a bootable flag
   b   edit bsd disklabel
   c   toggle the dos compatibility flag
   d   delete a partition
   g   create a new empty GPT partition table
   G   create an IRIX (SGI) partition table
   l   list known partition types
   m   print this menu
   n   add a new partition
   o   create a new empty DOS partition table
   p   print the partition table
   q   quit without saving changes
   s   create a new empty Sun disklabel
   t   change a partition's system id
   u   change display/entry units
   v   verify the partition table
   w   write table to disk and exit
   x   extra functionality (experts only)

Command (m for help): n
Partition type:
   p   primary (0 primary, 0 extended, 4 free)
   e   extended
Select (default p): p
Partition number (1-4, default 1):
First sector (2048-2097151999, default 2048):
Using default value 2048
Last sector, +sectors or +size{K,M,G} (2048-2097151999, default 2097151999):
Using default value 2097151999
Partition 1 of type Linux and of size 1000 GiB is set

Command (m for help): wq
The partition table has been altered!

Calling ioctl() to re-read partition table.
Syncing disks.
```
#### 3. 查看对应的 分区表如下：`fdisk -l`
```sh
[root@localhost ~]# fdisk -l

Disk /dev/vda: 42.9 GB, 42949672960 bytes, 83886080 sectors
Units = sectors of 1 * 512 = 512 bytes
Sector size (logical/physical): 512 bytes / 512 bytes
I/O size (minimum/optimal): 512 bytes / 512 bytes
Disk label type: dos
Disk identifier: 0x000b2d99

   Device Boot      Start         End      Blocks   Id  System
/dev/vda1   *        2048    83875364    41936658+  83  Linux

Disk /dev/vdb: 1073.7 GB, 1073741824000 bytes, 2097152000 sectors
Units = sectors of 1 * 512 = 512 bytes
Sector size (logical/physical): 512 bytes / 512 bytes
I/O size (minimum/optimal): 512 bytes / 512 bytes
Disk label type: dos
Disk identifier: 0xceef491a

   Device Boot      Start         End      Blocks   Id  System
/dev/vdb1            2048  2097151999  1048574976   83  Linux
```
##### 4. 对磁盘进行格式化 （如果没有数据，有数据则跳过）
```sh
mkfs.ext4 /dev/vdb1
```
```sh
[root@localhost ~]# mkfs.ext4 /dev/vdb1
mke2fs 1.42.9 (28-Dec-2013)
Filesystem label=
OS type: Linux
Block size=4096 (log=2)
Fragment size=4096 (log=2)
Stride=0 blocks, Stripe width=0 blocks
65536000 inodes, 262143744 blocks
13107187 blocks (5.00%) reserved for the super user
First data block=0
Maximum filesystem blocks=2409627648
8000 block groups
32768 blocks per group, 32768 fragments per group
8192 inodes per group
Superblock backups stored on blocks:
	32768, 98304, 163840, 229376, 294912, 819200, 884736, 1605632, 2654208,
	4096000, 7962624, 11239424, 20480000, 23887872, 71663616, 78675968,
	102400000, 214990848

Allocating group tables: done
Writing inode tables: done
Creating journal (32768 blocks): done
Writing superblocks and filesystem accounting information: done
```
##### 5. 磁盘挂载到对应的 文件夹中
挂载 `/data` 目录
```sh
echo '/dev/vdb1  /data ext4   defaults    0  0' >> /etc/fstab
```
查看是否写入文件：`cat /etc/fstab`
```sh
[root@localhost ~]# cat /etc/fstab

#
# /etc/fstab
# Created by anaconda on Thu Jul 11 02:52:01 2019
#
# Accessible filesystems, by reference, are maintained under '/dev/disk'
# See man pages fstab(5), findfs(8), mount(8) and/or blkid(8) for more info
#
UUID=1114fe9e-2309-4580-b183-d778e6d97397 /                       ext4    defaults        1 1
/dev/vdb1  /data ext4   defaults    0  0
```
#### 挂载文件夹
使得文件生效
```sh
[root@localhost ~]# mount -a
```
#### 查看对应的磁盘 `df -h`
```
[root@localhost ~]# df -h
Filesystem      Size  Used Avail Use% Mounted on
devtmpfs        7.5G     0  7.5G   0% /dev
tmpfs           7.6G     0  7.6G   0% /dev/shm
tmpfs           7.6G  460K  7.6G   1% /run
tmpfs           7.6G     0  7.6G   0% /sys/fs/cgroup
/dev/vda1        40G  2.5G   35G   7% /
tmpfs           1.6G     0  1.6G   0% /run/user/0
/dev/vdb1       985G   77M  935G   1% /data
```
